// Jest Snapshot v1, https://goo.gl/fbAQLP

exports[`Snapshot Modal 1`] = `<DocumentFragment />`;
