// Jest Snapshot v1, https://goo.gl/fbAQLP

exports[`Snapshot Input 1`] = `
<DocumentFragment>
  <div
    class="wrapper"
  >
    <label
      class="label"
      for="test"
    >
      test
    </label>
    <input
      class="input"
      id="test"
      type="text"
      value="test"
    />
  </div>
</DocumentFragment>
`;
