// Jest Snapshot v1, https://goo.gl/fbAQLP

exports[`Snapshot Loading 1`] = `
<DocumentFragment>
  <div
    class="loadingContainer"
  >
    <div
      class="loadingCircle"
    />
  </div>
</DocumentFragment>
`;
